I (58) boot: Partition Table:
I (61) boot: ## Label            Usage          Type ST Offset   Length
I (68) boot:  0 nvs              WiFi data        01 02 00009000 00006000
I (76) boot:  1 phy_init         RF dataï¿½ets Jun  8 2016 00:22:57

rst:0x1 (POWERON_RESET),boot:0x13 (SPI_FAST_FLASH_BOOT)
configsip: 0, SPIWP:0xee
clk_drv:0x00,q_drv:0x00,d_drv:0x00,cs0_drv:0x00,hd_drv:0x00,wp_drv:0x00
mode:DIO, clock div:2
load:0x3fff0030,len:7172
load:0x40078000,len:15540
load:0x40080400,len:4
0x40080400: _init at ??:?

ho 8 tail 4 room 4
load:0x40080404,len:3904
entry 0x40080640
I (30) boot: ESP-IDF v5.2.2 2nd stage bootloader
I (30) boot: compile time Oct 31 2024 16:52:48
I (31) boot: Multicore bootloader
I (35) boot: chip revision: v1.0
I (38) boot.esp32: SPI Speed      : 40MHz
I (43) boot.esp32: SPI Mode       : DIO
I (48) boot.esp32: SPI Flash Size : 2MB
I (52) boot: Enabling RNG early entropy source...
I (58) boot: Partition Table:
I (61) boot: ## Label            Usage          Type ST Offset   Length
I (68) boot:  0 nvs              WiFi data        01 02 00009000 00006000
I (76) boot:  1 phy_init         RF data          01 01 0000f000 00001000
I (83) boot:  2 factory          factory app      00 00 00010000 00100000
I (91) boot: End of partition table
I (95) esp_image: segment 0: paddr=00010020 vaddr=3f400020 size=1f134h (127284) map
I (147) esp_image: segment 1: paddr=0002f15c vaddr=3ffb0000 size=00ebch (  3772) load
I (149) esp_image: segment 2: paddr=00030020 vaddr=400d0020 size=814b8h (529592) map
I (334) esp_image: segment 3: paddr=000b14e0 vaddr=3ffb0ebc size=02c98h ( 11416) load
I (339) esp_image: segment 4: paddr=000b4180 vaddr=40080000 size=16830h ( 92208) load
I (387) boot: Loaded app from partition at offset 0x10000
I (388) boot: Disabling RNG early entropy source...
I (399) cpu_start: Multicore app
I (408) cpu_start: Pro cpu start user code
I (408) cpu_start: cpu freq: 160000000 Hz
I (408) cpu_start: Application information:
I (411) cpu_start: Project name:     ESP32_ESP-IDF_WiFi-STA
I (417) cpu_start: App version:      1
I (422) cpu_start: Compile time:     Oct 31 2024 16:52:25
I (428) cpu_start: ELF file SHA256:  c07e756fd...
I (433) cpu_start: ESP-IDF:          v5.2.2
I (438) cpu_start: Min chip rev:     v0.0
I (443) cpu_start: Max chip rev:     v3.99
I (447) cpu_start: Chip rev:         v1.0
I (452) heap_init: Initializing. RAM available for dynamic allocation:
I (460) heap_init: At 3FFAE6E0 len 00001920 (6 KiB): DRAM
I (465) heap_init: At 3FFB7C20 len 000283E0 (160 KiB): DRAM
I (472) heap_init: At 3FFE0440 len 00003AE0 (14 KiB): D/IRAM
I (478) heap_init: At 3FFE4350 len 0001BCB0 (111 KiB): D/IRAM
I (484) heap_init: At 40096830 len 000097D0 (37 KiB): IRAM
I (492) spi_flash: detected chip: generic
I (495) spi_flash: flash io: dio
W (499) spi_flash: Detected size(4096k) larger than the size in the binary image header(2048k). Using the size in the binary image header.
I (513) main_task: Started on CPU0
I (523) main_task: Calling app_main()
I (563) wifi station: ESP_WIFI_MODE_STA
I (573) wifi:wifi driver task: 3ffbfb4c, prio:23, stack:6656, core=0
I (583) wifi:wifi firmware version: 3e0076f
I (593) wifi:wifi certification version: v7.0
I (593) wifi:config NVS flash: enabled
I (593) wifi:config nano formating: disabled
I (593) wifi:Init data frame dynamic rx buffer num: 32
I (593) wifi:Init static rx mgmt buffer num: 5
I (603) wifi:Init management short buffer num: 32
I (603) wifi:Init dynamic tx buffer num: 32
I (613) wifi:Init static rx buffer size: 1600
I (613) wifi:Init static rx buffer num: 10
I (613) wifi:Init dynamic rx buffer num: 32
I (623) wifi_init: rx ba win: 6
I (623) wifi_init: tcpip mbox: 32
I (633) wifi_init: udp mbox: 6
I (633) wifi_init: tcp mbox: 6
I (633) wifi_init: tcp tx win: 5760
I (643) wifi_init: tcp rx win: 5760
I (643) wifi_init: tcp mss: 1440
I (653) wifi_init: WiFi IRAM OP enabled
I (653) wifi_init: WiFi RX IRAM OP enabled
I (663) phy_init: phy_version 4791,2c4672b,Dec 20 2023,16:06:06
I (743) wifi:mode : sta (9c:9c:1f:d5:65:ac)
I (743) wifi:enable tsf
I (743) wifi station: wifi_init_sta finished.
I (763) wifi:new:<9,0>, old:<1,0>, ap:<255,255>, sta:<9,0>, prof:1
I (763) wifi:state: init -> auth (b0)
I (763) wifi:state: auth -> assoc (0)
I (773) wifi:state: assoc -> run (10)
I (793) wifi:<ba-add>idx:0 (ifx:0, 0c:01:4b:47:20:0e), tid:0, ssn:35, winSize:64
I (793) wifi:<ba-del>idx:0, tid:0
W (793) wifi:[ADDBA]rx delba, code:39, delete tid:0
I (793) wifi:<ba-del>idx:0, tid:0
W (813) wifi:[ADDBA]rx delba, code:39, delete tid:0
I (813) wifi:<ba-del>idx:0, tid:0
I (813) wifi:<ba-del>idx:0, tid:0
I (823) wifi:connected with 2.4G_TPOP, aid = 17, channel 9, BW20, bssid = 0c:01:4b:47:20:0e
I (833) wifi:security: WPA2-PSK, phy: bgn, rssi: -82
I (833) wifi:pm start, type: 1

I (833) wifi:dp: 1, bi: 102400, li: 3, scale listen interval from 307200 us to 307200 us
I (843) wifi:<ba-add>idx:0 (ifx:0, 0c:01:4b:47:20:0e), tid:0, ssn:37, winSize:64
I (893) wifi:AP's beacon interval = 102400 us, DTIM period = 1
I (3853) esp_netif_handlers: sta ip: 192.168.1.113, mask: 255.255.255.0, gw: 192.168.1.1
I (3853) wifi station: got ip:192.168.1.113
I (3853) wifi station: connected to ap SSID:2.4G_TPOP password:P@ssw0rd
I (3863) main_task: Returned from app_main()
